device=cpu; models=4; output=results\lengthgen\full_grid\flagret_rope\paired_head_count_results.json
[train] flagret rope seed=0 steps=4000
    step 1000/4000 loss=0.0000
    step 2000/4000 loss=0.0000
    step 3000/4000 loss=0.0000
    step 4000/4000 loss=0.0000
[checkpoint] results\lengthgen\checkpoints\flagret_rope_s0_4L_256d_8h_b512_steps4000.pt
[circuit] L=5 layer=2 ranking=[7, 6, 5, 0, 4, 1, 3, 2] mass=[np.float64(0.991), np.float64(0.974), np.float64(0.972), np.float64(0.953), np.float64(0.943), np.float64(0.932), np.float64(0.396), np.float64(0.324)]
  L=100 source_max token delta by k=1:+0.004, 2:+0.006, 4:+0.010, 8:+0.012
  L=250 source_max token delta by k=1:+0.002, 2:+0.002, 4:+0.004, 8:+0.006
[saved 1/4] ('flagret', 'rope', 0, 4000, (1, 2, 4, 8), (100, 250))
[train] flagret rope seed=1 steps=4000
    step 1000/4000 loss=0.0000
    step 2000/4000 loss=0.0000
    step 3000/4000 loss=0.0000
    step 4000/4000 loss=0.0000
[checkpoint] results\lengthgen\checkpoints\flagret_rope_s1_4L_256d_8h_b512_steps4000.pt
[circuit] L=5 layer=2 ranking=[7, 3, 4, 2, 6, 1, 0, 5] mass=[np.float64(0.99), np.float64(0.982), np.float64(0.981), np.float64(0.981), np.float64(0.978), np.float64(0.972), np.float64(0.932), np.float64(0.889)]
  L=100 source_max token delta by k=1:+0.002, 2:+0.006, 4:+0.010, 8:+0.014
  L=250 source_max token delta by k=1:+0.000, 2:+0.000, 4:+0.000, 8:+0.002
[saved 2/4] ('flagret', 'rope', 1, 4000, (1, 2, 4, 8), (100, 250))
[train] flagret rope seed=2 steps=4000
    step 1000/4000 loss=0.0000
    step 2000/4000 loss=0.0000
    step 3000/4000 loss=0.0000
    step 4000/4000 loss=0.0000
[checkpoint] results\lengthgen\checkpoints\flagret_rope_s2_4L_256d_8h_b512_steps4000.pt
[circuit] L=5 layer=2 ranking=[7, 4, 6, 3, 0, 2, 5, 1] mass=[np.float64(0.993), np.float64(0.991), np.float64(0.989), np.float64(0.982), np.float64(0.982), np.float64(0.981), np.float64(0.98), np.float64(0.964)]
  L=100 source_max token delta by k=1:+0.006, 2:+0.006, 4:+0.010, 8:+0.016
  L=250 source_max token delta by k=1:+0.002, 2:+0.002, 4:+0.002, 8:+0.004
[saved 3/4] ('flagret', 'rope', 2, 4000, (1, 2, 4, 8), (100, 250))
[train] flagret rope seed=3 steps=4000
    step 1000/4000 loss=0.0000
    step 2000/4000 loss=0.0000
    step 3000/4000 loss=0.0000
    step 4000/4000 loss=0.0000
[checkpoint] results\lengthgen\checkpoints\flagret_rope_s3_4L_256d_8h_b512_steps4000.pt
[circuit] L=5 layer=2 ranking=[2, 1, 7, 3, 5, 4, 6, 0] mass=[np.float64(0.993), np.float64(0.988), np.float64(0.985), np.float64(0.982), np.float64(0.95), np.float64(0.618), np.float64(0.534), np.float64(0.025)]
  L=100 source_max token delta by k=1:+0.006, 2:+0.006, 4:+0.025, 8:+0.021
  L=250 source_max token delta by k=1:+0.000, 2:+0.000, 4:+0.004, 8:+0.008
[saved 4/4] ('flagret', 'rope', 3, 4000, (1, 2, 4, 8), (100, 250))
saved: results\lengthgen\full_grid\flagret_rope\paired_head_count_results.json
