device=cpu; models=4; output=results\lengthgen\full_grid\argmax_nope\paired_head_count_results.json
[load] results\lengthgen\checkpoints\argmax_nope_s0_4L_256d_8h_b512_steps4000.pt
[circuit] L=5 layer=3 ranking=[5, 6, 2, 7, 3, 0, 4, 1] mass=[np.float64(0.963), np.float64(0.96), np.float64(0.956), np.float64(0.954), np.float64(0.951), np.float64(0.946), np.float64(0.946), np.float64(0.944)]
  L=100 source_max token delta by k=1:+0.008, 2:+0.018, 4:+0.049, 8:+0.168
  L=250 source_max token delta by k=1:+0.000, 2:+0.006, 4:+0.064, 8:+0.160
[saved 1/4] ('argmax', 'nope', 0, 4000, (1, 2, 4, 8), (100, 250))
[train] argmax nope seed=1 steps=4000
    step 1000/4000 loss=0.0284
    step 2000/4000 loss=0.0102
    step 3000/4000 loss=0.0015
    step 4000/4000 loss=0.0051
[checkpoint] results\lengthgen\checkpoints\argmax_nope_s1_4L_256d_8h_b512_steps4000.pt
[circuit] L=5 layer=3 ranking=[6, 7, 0, 5, 2, 3, 1, 4] mass=[np.float64(0.959), np.float64(0.948), np.float64(0.946), np.float64(0.945), np.float64(0.938), np.float64(0.936), np.float64(0.935), np.float64(0.0)]
  L=100 source_max token delta by k=1:+0.008, 2:+0.010, 4:+0.033, 8:+0.223
  L=250 source_max token delta by k=1:+0.002, 2:+0.002, 4:+0.064, 8:+0.295
[saved 2/4] ('argmax', 'nope', 1, 4000, (1, 2, 4, 8), (100, 250))
[train] argmax nope seed=2 steps=4000
    step 1000/4000 loss=0.0405
    step 2000/4000 loss=0.0173
    step 3000/4000 loss=0.0014
    step 4000/4000 loss=0.0003
[checkpoint] results\lengthgen\checkpoints\argmax_nope_s2_4L_256d_8h_b512_steps4000.pt
[circuit] L=5 layer=3 ranking=[4, 7, 1, 0, 6, 5, 3, 2] mass=[np.float64(0.956), np.float64(0.948), np.float64(0.947), np.float64(0.945), np.float64(0.944), np.float64(0.942), np.float64(0.94), np.float64(0.931)]
  L=100 source_max token delta by k=1:+0.002, 2:+0.002, 4:+0.066, 8:+0.303
  L=250 source_max token delta by k=1:+0.002, 2:+0.006, 4:+0.076, 8:+0.363
[saved 3/4] ('argmax', 'nope', 2, 4000, (1, 2, 4, 8), (100, 250))
[train] argmax nope seed=3 steps=4000
    step 1000/4000 loss=0.0363
    step 2000/4000 loss=0.0238
    step 3000/4000 loss=0.0002
    step 4000/4000 loss=0.0042
[checkpoint] results\lengthgen\checkpoints\argmax_nope_s3_4L_256d_8h_b512_steps4000.pt
[circuit] L=5 layer=3 ranking=[5, 7, 4, 1, 2, 0, 3, 6] mass=[np.float64(0.963), np.float64(0.96), np.float64(0.956), np.float64(0.956), np.float64(0.951), np.float64(0.944), np.float64(0.942), np.float64(0.934)]
  L=100 source_max token delta by k=1:+0.008, 2:+0.018, 4:+0.080, 8:+0.186
  L=250 source_max token delta by k=1:+0.004, 2:+0.021, 4:+0.094, 8:+0.215
[saved 4/4] ('argmax', 'nope', 3, 4000, (1, 2, 4, 8), (100, 250))
saved: results\lengthgen\full_grid\argmax_nope\paired_head_count_results.json
